--------------------------------------------------------------------------------------
Timing Analyzer Summary
--------------------------------------------------------------------------------------

Type           : Worst-case tsu
Slack          : N/A
Required Time  : None
Actual Time    : 10.417 ns
From           : reset
To             : div:DIV|high[30]
From Clock     : --
To Clock       : clk
Failed Paths   : 0

Type           : Worst-case tco
Slack          : N/A
Required Time  : None
Actual Time    : 15.430 ns
From           : control:ctrl|iord[1]
To             : mem_adress_in[16]
From Clock     : clk
To Clock       : --
Failed Paths   : 0

Type           : Worst-case th
Slack          : N/A
Required Time  : None
Actual Time    : -2.389 ns
From           : reset
To             : div:DIV|dividend[2]
From Clock     : --
To Clock       : clk
Failed Paths   : 0

Type           : Clock Setup: 'clk'
Slack          : N/A
Required Time  : None
Actual Time    : 47.94 MHz ( period = 20.858 ns )
From           : control:ctrl|alusrcb[1]
To             : control:ctrl|nextState[4]
From Clock     : clk
To Clock       : clk
Failed Paths   : 0

Type           : Clock Hold: 'clk'
Slack          : Not operational: Clock Skew > Data Delay
Required Time  : None
Actual Time    : N/A
From           : control:ctrl|state[5]
To             : control:ctrl|nextState[4]
From Clock     : clk
To Clock       : clk
Failed Paths   : 560

Type           : Total number of failed paths
Slack          : 
Required Time  : 
Actual Time    : 
From           : 
To             : 
From Clock     : 
To Clock       : 
Failed Paths   : 560

--------------------------------------------------------------------------------------

